........................................................................ [ 29%]
........................................................................ [ 58%]
........................................................................ [ 87%]
................................                                         [100%]
248 passed in 52.88s
